
user@TANJA-I7 MINGW64 ~
$ cd desktop

user@TANJA-I7 MINGW64 ~/desktop
$ mkdir SI_2023_lab1_213184

user@TANJA-I7 MINGW64 ~/desktop
$ cd SI_2023_lab1_213184

user@TANJA-I7 MINGW64 ~/desktop/SI_2023_lab1_213184
$ git init
Initialized empty Git repository in C:/Users/user/Desktop/SI_2023_lab1_213184/.git/

user@TANJA-I7 MINGW64 ~/desktop/SI_2023_lab1_213184 (master)
$ git remote add origin https://github.com/BorjanGjorgiev/SI_2023_lab1_213184.git

user@TANJA-I7 MINGW64 ~/desktop/SI_2023_lab1_213184 (master)
$ git push -u origin master
error: src refspec master does not match any
error: failed to push some refs to 'https://github.com/BorjanGjorgiev/SI_2023_lab1_213184.git'

user@TANJA-I7 MINGW64 ~/desktop/SI_2023_lab1_213184 (master)
$ nano README.md

user@TANJA-I7 MINGW64 ~/desktop/SI_2023_lab1_213184 (master)
$ git commit -m "Initial commit"
On branch master

Initial commit

Untracked files:
  (use "git add <file>..." to include in what will be committed)
        README.md

nothing added to commit but untracked files present (use "git add" to track)

user@TANJA-I7 MINGW64 ~/desktop/SI_2023_lab1_213184 (master)
$ git add README.md
warning: in the working copy of 'README.md', LF will be replaced by CRLF the next time Git touches it

user@TANJA-I7 MINGW64 ~/desktop/SI_2023_lab1_213184 (master)
$ git status
On branch master

No commits yet

Changes to be committed:
  (use "git rm --cached <file>..." to unstage)
        new file:   README.md


user@TANJA-I7 MINGW64 ~/desktop/SI_2023_lab1_213184 (master)
$ git commit -m "Initial commit"
[master (root-commit) 0a7682a] Initial commit
 1 file changed, 3 insertions(+)
 create mode 100644 README.md

user@TANJA-I7 MINGW64 ~/desktop/SI_2023_lab1_213184 (master)
$ git status
On branch master
nothing to commit, working tree clean

user@TANJA-I7 MINGW64 ~/desktop/SI_2023_lab1_213184 (master)
$ nano SILab1.java

user@TANJA-I7 MINGW64 ~/desktop/SI_2023_lab1_213184 (master)
$ git add SILab1.java
warning: in the working copy of 'SILab1.java', LF will be replaced by CRLF the next time Git touches it

user@TANJA-I7 MINGW64 ~/desktop/SI_2023_lab1_213184 (master)
$ git commit -m "Add java class"
[master 5924152] Add java class
 1 file changed, 41 insertions(+)
 create mode 100644 SILab1.java

user@TANJA-I7 MINGW64 ~/desktop/SI_2023_lab1_213184 (master)
$ git status
On branch master
nothing to commit, working tree clean

user@TANJA-I7 MINGW64 ~/desktop/SI_2023_lab1_213184 (master)
$ git remote -v
origin  https://github.com/BorjanGjorgiev/SI_2023_lab1_213184.git (fetch)
origin  https://github.com/BorjanGjorgiev/SI_2023_lab1_213184.git (push)

user@TANJA-I7 MINGW64 ~/desktop/SI_2023_lab1_213184 (master)
$ git push -u origin bug1
error: src refspec bug1 does not match any
error: failed to push some refs to 'https://github.com/BorjanGjorgiev/SI_2023_lab1_213184.git'

user@TANJA-I7 MINGW64 ~/desktop/SI_2023_lab1_213184 (master)
$ git branch bug1

user@TANJA-I7 MINGW64 ~/desktop/SI_2023_lab1_213184 (master)
$ git branch
  bug1
* master

user@TANJA-I7 MINGW64 ~/desktop/SI_2023_lab1_213184 (master)
$ git branch bug2

user@TANJA-I7 MINGW64 ~/desktop/SI_2023_lab1_213184 (master)
$ git branch bug3

user@TANJA-I7 MINGW64 ~/desktop/SI_2023_lab1_213184 (master)
$ git branch
  bug1
  bug2
  bug3
* master

user@TANJA-I7 MINGW64 ~/desktop/SI_2023_lab1_213184 (master)
$ git push -u origin bug1
Enumerating objects: 6, done.
Counting objects: 100% (6/6), done.
Delta compression using up to 8 threads
Compressing objects: 100% (4/4), done.
Writing objects: 100% (6/6), 836 bytes | 836.00 KiB/s, done.
Total 6 (delta 0), reused 0 (delta 0), pack-reused 0
To https://github.com/BorjanGjorgiev/SI_2023_lab1_213184.git
 * [new branch]      bug1 -> bug1
branch 'bug1' set up to track 'origin/bug1'.

user@TANJA-I7 MINGW64 ~/desktop/SI_2023_lab1_213184 (master)
$ git push -u origin bug2
Total 0 (delta 0), reused 0 (delta 0), pack-reused 0
remote:
remote: Create a pull request for 'bug2' on GitHub by visiting:
remote:      https://github.com/BorjanGjorgiev/SI_2023_lab1_213184/pull/new/bug2
remote:
To https://github.com/BorjanGjorgiev/SI_2023_lab1_213184.git
 * [new branch]      bug2 -> bug2
branch 'bug2' set up to track 'origin/bug2'.

user@TANJA-I7 MINGW64 ~/desktop/SI_2023_lab1_213184 (master)
$ git push -u origin bug3
Total 0 (delta 0), reused 0 (delta 0), pack-reused 0
remote:
remote: Create a pull request for 'bug3' on GitHub by visiting:
remote:      https://github.com/BorjanGjorgiev/SI_2023_lab1_213184/pull/new/bug3
remote:
To https://github.com/BorjanGjorgiev/SI_2023_lab1_213184.git
 * [new branch]      bug3 -> bug3
branch 'bug3' set up to track 'origin/bug3'.

user@TANJA-I7 MINGW64 ~/desktop/SI_2023_lab1_213184 (master)
$ git checkout bug1
Switched to branch 'bug1'
Your branch is up to date with 'origin/bug1'.

user@TANJA-I7 MINGW64 ~/desktop/SI_2023_lab1_213184 (bug1)
$ git branch
* bug1
  bug2
  bug3
  master

user@TANJA-I7 MINGW64 ~/desktop/SI_2023_lab1_213184 (bug1)
$ ls -l
total 5
-rw-r--r-- 1 user 197121  23 Apr  9 01:17 README.md
-rw-r--r-- 1 user 197121 964 Apr  9 01:21 SILab1.java

user@TANJA-I7 MINGW64 ~/desktop/SI_2023_lab1_213184 (bug1)
$ SILab1.java
bash: SILab1.java: command not found

user@TANJA-I7 MINGW64 ~/desktop/SI_2023_lab1_213184 (bug1)
$ git branch
* bug1
  bug2
  bug3
  master

user@TANJA-I7 MINGW64 ~/desktop/SI_2023_lab1_213184 (bug1)
$ nano SILab1.java

user@TANJA-I7 MINGW64 ~/desktop/SI_2023_lab1_213184 (bug1)
$ git commit -m "Fix wrong loop for reading"
On branch bug1
Your branch is up to date with 'origin/bug1'.

Changes not staged for commit:
  (use "git add <file>..." to update what will be committed)
  (use "git restore <file>..." to discard changes in working directory)
        modified:   SILab1.java

no changes added to commit (use "git add" and/or "git commit -a")

user@TANJA-I7 MINGW64 ~/desktop/SI_2023_lab1_213184 (bug1)
$ git add SILab1.java
warning: in the working copy of 'SILab1.java', LF will be replaced by CRLF the next time Git touches it

user@TANJA-I7 MINGW64 ~/desktop/SI_2023_lab1_213184 (bug1)
$ git commit -m "Fix wrong loop for reading"
[bug1 40889e4] Fix wrong loop for reading
 1 file changed, 1 insertion(+), 1 deletion(-)

user@TANJA-I7 MINGW64 ~/desktop/SI_2023_lab1_213184 (bug1)
$ git checkout master
Switched to branch 'master'

user@TANJA-I7 MINGW64 ~/desktop/SI_2023_lab1_213184 (master)
$ git branch
  bug1
  bug2
  bug3
* master

user@TANJA-I7 MINGW64 ~/desktop/SI_2023_lab1_213184 (master)
$ nano SILab1.java

user@TANJA-I7 MINGW64 ~/desktop/SI_2023_lab1_213184 (master)
$ git checkout bug2
Switched to branch 'bug2'
Your branch is up to date with 'origin/bug2'.

user@TANJA-I7 MINGW64 ~/desktop/SI_2023_lab1_213184 (bug2)
$ git branch
  bug1
* bug2
  bug3
  master

user@TANJA-I7 MINGW64 ~/desktop/SI_2023_lab1_213184 (bug2)
$ nano SILab1.java

user@TANJA-I7 MINGW64 ~/desktop/SI_2023_lab1_213184 (bug2)
$ git add SILab1.java

user@TANJA-I7 MINGW64 ~/desktop/SI_2023_lab1_213184 (bug2)
$ git commit -m "Fix wrong condition in filterOddNumbers"
[bug2 1d162d6] Fix wrong condition in filterOddNumbers
 1 file changed, 1 insertion(+), 1 deletion(-)

user@TANJA-I7 MINGW64 ~/desktop/SI_2023_lab1_213184 (bug2)
$ git checkout master
Switched to branch 'master'

user@TANJA-I7 MINGW64 ~/desktop/SI_2023_lab1_213184 (master)
$ git checkout bug3
Switched to branch 'bug3'
Your branch is up to date with 'origin/bug3'.

user@TANJA-I7 MINGW64 ~/desktop/SI_2023_lab1_213184 (bug3)
$ nano SILab1.java

user@TANJA-I7 MINGW64 ~/desktop/SI_2023_lab1_213184 (bug3)
$ git add SILab1.java

user@TANJA-I7 MINGW64 ~/desktop/SI_2023_lab1_213184 (bug3)
$ git commit -m "Fix method sumEvenNumbers"
[bug3 3daf519] Fix method sumEvenNumbers
 1 file changed, 1 insertion(+), 1 deletion(-)

user@TANJA-I7 MINGW64 ~/desktop/SI_2023_lab1_213184 (bug3)
$ git checkout master
Switched to branch 'master'

user@TANJA-I7 MINGW64 ~/desktop/SI_2023_lab1_213184 (master)
$ git branch
  bug1
  bug2
Merge made by the 'ort' strategy.
 SILab1.java | 2 +-
 1 file changed, 1 insertion(+), 1 deletion(-)

user@TANJA-I7 MINGW64 ~/desktop/SI_2023_lab1_213184 (master)
$ git merge bug3
Auto-merging SILab1.java
Merge made by the 'ort' strategy.
 SILab1.java | 2 +-
 1 file changed, 1 insertion(+), 1 deletion(-)

user@TANJA-I7 MINGW64 ~/desktop/SI_2023_lab1_213184 (master)
$ nano SILab1.java

user@TANJA-I7 MINGW64 ~/desktop/SI_2023_lab1_213184 (master)
$ git checkout bug3
Switched to branch 'bug3'
Your branch is up to date with 'origin/bug3'.

user@TANJA-I7 MINGW64 ~/desktop/SI_2023_lab1_213184 (bug3)
$ git branch
  bug1
  bug2
* bug3
  master

user@TANJA-I7 MINGW64 ~/desktop/SI_2023_lab1_213184 (bug3)
$ git checkout master
Switched to branch 'master'

user@TANJA-I7 MINGW64 ~/desktop/SI_2023_lab1_213184 (master)
$ git log
commit c63f49877c8825afda0696a7e601d1d6c2ba016f (HEAD -> master)
Merge: bd849e9 3daf519
Author: Borjan Gjorgiev <borjangjorgiev2@gmail.com>
Date:   Sun Apr 9 03:06:26 2023 +0200

    i

commit bd849e9587109790be8b27637e3b97b091195f7c
Merge: 40889e4 1d162d6
Author: Borjan Gjorgiev <borjangjorgiev2@gmail.com>
Date:   Sun Apr 9 02:58:45 2023 +0200

    i

commit 3daf51927e7f05fa1a638a5e8935b94248b2ec0e (origin/bug3, bug3)
Author: Borjan Gjorgiev <borjangjorgiev2@gmail.com>
Date:   Sun Apr 9 02:45:37 2023 +0200

    Fix method sumEvenNumbers

commit 1d162d65d83c9219677b3770c095cf80a43165c2 (origin/bug2, bug2)
commit c63f49877c8825afda0696a7e601d1d6c2ba016f (HEAD -> master)
Merge: bd849e9 3daf519
Author: Borjan Gjorgiev <borjangjorgiev2@gmail.com>
Date:   Sun Apr 9 03:06:26 2023 +0200

    i

commit bd849e9587109790be8b27637e3b97b091195f7c
Merge: 40889e4 1d162d6
Author: Borjan Gjorgiev <borjangjorgiev2@gmail.com>
Date:   Sun Apr 9 02:58:45 2023 +0200

    i

commit 3daf51927e7f05fa1a638a5e8935b94248b2ec0e (origin/bug3, bug3)
Author: Borjan Gjorgiev <borjangjorgiev2@gmail.com>
Date:   Sun Apr 9 02:45:37 2023 +0200

    Fix method sumEvenNumbers

commit 1d162d65d83c9219677b3770c095cf80a43165c2 (origin/bug2, bug2)
Author: Borjan Gjorgiev <borjangjorgiev2@gmail.com>
Date:   Sun Apr 9 02:43:15 2023 +0200

...skipping...
Merge: bd849e9 3daf519
Author: Borjan Gjorgiev <borjangjorgiev2@gmail.com>
Date:   Sun Apr 9 03:06:26 2023 +0200

    i

commit bd849e9587109790be8b27637e3b97b091195f7c
Merge: 40889e4 1d162d6
Author: Borjan Gjorgiev <borjangjorgiev2@gmail.com>
Date:   Sun Apr 9 02:58:45 2023 +0200

    i

commit 3daf51927e7f05fa1a638a5e8935b94248b2ec0e (origin/bug3, bug3)
Author: Borjan Gjorgiev <borjangjorgiev2@gmail.com>
Date:   Sun Apr 9 02:45:37 2023 +0200

    Fix method sumEvenNumbers

commit 1d162d65d83c9219677b3770c095cf80a43165c2 (origin/bug2, bug2)
commit c63f49877c8825afda0696a7e601d1d6c2ba016f (HEAD -> master)
Merge: bd849e9 3daf519
Author: Borjan Gjorgiev <borjangjorgiev2@gmail.com>
Date:   Sun Apr 9 03:06:26 2023 +0200

    i

commit bd849e9587109790be8b27637e3b97b091195f7c
Merge: 40889e4 1d162d6
Author: Borjan Gjorgiev <borjangjorgiev2@gmail.com>
Date:   Sun Apr 9 02:58:45 2023 +0200

    i

commit 3daf51927e7f05fa1a638a5e8935b94248b2ec0e (origin/bug3, bug3)
Author: Borjan Gjorgiev <borjangjorgiev2@gmail.com>
Date:   Sun Apr 9 02:45:37 2023 +0200

    Fix method sumEvenNumbers

commit 1d162d65d83c9219677b3770c095cf80a43165c2 (origin/bug2, bug2)
Author: Borjan Gjorgiev <borjangjorgiev2@gmail.com>
Date:   Sun Apr 9 02:43:15 2023 +0200

    Fix wrong condition in filterOddNumbers

user@TANJA-I7 MINGW64 ~/desktop/SI_2023_lab1_213184 (master)
$ git checkout bug3
Switched to branch 'bug3'
Your branch is up to date with 'origin/bug3'.

user@TANJA-I7 MINGW64 ~/desktop/SI_2023_lab1_213184 (bug3)
$ git status
On branch bug3
Your branch is up to date with 'origin/bug3'.

nothing to commit, working tree clean

user@TANJA-I7 MINGW64 ~/desktop/SI_2023_lab1_213184 (bug3)
$ git rebase master bug3
Successfully rebased and updated refs/heads/bug3.

user@TANJA-I7 MINGW64 ~/desktop/SI_2023_lab1_213184 (bug3)
$ git checkout master
Switched to branch 'master'

user@TANJA-I7 MINGW64 ~/desktop/SI_2023_lab1_213184 (master)
$ nano SILab1.java

user@TANJA-I7 MINGW64 ~/desktop/SI_2023_lab1_213184 (master)
$ git push --all
Enumerating objects: 12, done.
Counting objects: 100% (12/12), done.
Delta compression using up to 8 threads
Compressing objects: 100% (6/6), done.
Writing objects: 100% (6/6), 663 bytes | 663.00 KiB/s, done.
Total 6 (delta 2), reused 0 (delta 0), pack-reused 0
remote: Resolving deltas: 100% (2/2), completed with 1 local object.
To https://github.com/BorjanGjorgiev/SI_2023_lab1_213184.git
   3daf519..c63f498  bug3 -> bug3
   40889e4..c63f498  master -> master

user@TANJA-I7 MINGW64 ~/desktop/SI_2023_lab1_213184 (master)
$ git status
On branch master
nothing to commit, working tree clean

user@TANJA-I7 MINGW64 ~/desktop/SI_2023_lab1_213184 (master)
$ git graph
git: 'graph' is not a git command. See 'git --help'.

The most similar commands are
        branch
        grep

user@TANJA-I7 MINGW64 ~/desktop/SI_2023_lab1_213184 (master)
$ git log --graph --all --oneline
*   c63f498 (HEAD -> master, origin/master, origin/bug3, bug3) i
|\
| * 3daf519 Fix method sumEvenNumbers
* |   bd849e9 i
|\ \
| * | 1d162d6 (origin/bug2, bug2) Fix wrong condition in filterOddNumbers
| |/
* / 40889e4 (origin/bug1, bug1) Fix wrong loop for reading
|/
* 5924152 Add java class
* 0a7682a Initial commit

user@TANJA-I7 MINGW64 ~/desktop/SI_2023_lab1_213184 (master)
$ git checkout bug3
Switched to branch 'bug3'
Your branch is up to date with 'origin/bug3'.

user@TANJA-I7 MINGW64 ~/desktop/SI_2023_lab1_213184 (bug3)
$ git push -u origin bug3 --force
Everything up-to-date
branch 'bug3' set up to track 'origin/bug3'.

user@TANJA-I7 MINGW64 ~/desktop/SI_2023_lab1_213184 (bug3)
$ git checkout master
Switched to branch 'master'

user@TANJA-I7 MINGW64 ~/desktop/SI_2023_lab1_213184 (master)
$ git push -u origin bug3 --force
Everything up-to-date
branch 'bug3' set up to track 'origin/bug3'.

user@TANJA-I7 MINGW64 ~/desktop/SI_2023_lab1_213184 (master)
$ git push -u origin bug2
Everything up-to-date
branch 'bug2' set up to track 'origin/bug2'.

user@TANJA-I7 MINGW64 ~/desktop/SI_2023_lab1_213184 (master)
$ git push -u origin bug1
Everything up-to-date
branch 'bug1' set up to track 'origin/bug1'.

user@TANJA-I7 MINGW64 ~/desktop/SI_2023_lab1_213184 (master)
$
